
> vite_react_shadcn_ts@0.0.0 build
> vite build

[36mvite v5.4.19 [32mbuilding for production...[36m[39m
transforming...
node.exe : Browserslist: browsers data (caniuse-lite) is 10 months old. Please 
run:
At line:1 char:1
+ & "C:\Program Files\nodejs/node.exe" "C:\Program Files\nodejs/node_mo ...
+ ~~~~~~~~~~~~~~~~~~~~~~~~~~~~~~~~~~~~~~~~~~~~~~~~~~~~~~~~~~~~~~~~~~~~~
    + CategoryInfo          : NotSpecified: (Browserslist: b...ld. Please run: 
   :String) [], RemoteException
    + FullyQualifiedErrorId : NativeCommandError
 
  npx update-browserslist-db@latest
  Why you should do it regularly: https://github.com/browserslist/update-db#rea
dme
[32mÔ£ô[39m 3582 modules transformed.
rendering chunks...
computing gzip size...
[2mdist/[22m[32mindex.html                                  [39m[1m[2m  2.68 kB[22m[1m[22m[2m Ôöé gzip:   0.90 kB[22m
[2mdist/[22m[35massets/driver-bundle-Dgihpmma.css           [39m[1m[2m 15.04 kB[22m[1m[22m[2m Ôöé gzip:   6.38 kB[22m
[2mdist/[22m[35massets/index-B3ZMRWSM.css                   [39m[1m[2m 90.82 kB[22m[1m[22m[2m Ôöé gzip:  15.13 kB[22m
[2mdist/[22m[36massets/NotFound-Bb5qMyeX.js                 [39m[1m[2m  0.59 kB[22m[1m[22m[2m Ôöé gzip:   0.35 kB[22m
[2mdist/[22m[36massets/Profile-B39TB3R-.js                  [39m[1m[2m  0.82 kB[22m[1m[22m[2m Ôöé gzip:   0.39 kB[22m
[2mdist/[22m[36massets/Forbidden-C9-6MaYc.js                [39m[1m[2m  1.40 kB[22m[1m[22m[2m Ôöé gzip:   0.66 kB[22m
[2mdist/[22m[36massets/DriverLayout-BUEHgW2A.js             [39m[1m[2m  1.42 kB[22m[1m[22m[2m Ôöé gzip:   0.72 kB[22m
[2mdist/[22m[36massets/AdminUsers-CUckHllZ.js               [39m[1m[2m  1.66 kB[22m[1m[22m[2m Ôöé gzip:   0.73 kB[22m
[2mdist/[22m[36massets/TransactionList-BqX27lAs.js          [39m[1m[2m  2.11 kB[22m[1m[22m[2m Ôöé gzip:   0.92 kB[22m
[2mdist/[22m[36massets/AdminPayments-DGqe3dYv.js            [39m[1m[2m  2.18 kB[22m[1m[22m[2m Ôöé gzip:   0.98 kB[22m
[2mdist/[22m[36massets/DriverHistory-DPJ6rmBA.js            [39m[1m[2m  2.50 kB[22m[1m[22m[2m Ôöé gzip:   1.18 kB[22m
[2mdist/[22m[36massets/AdminLayout-OYO3-bK5.js              [39m[1m[2m  2.91 kB[22m[1m[22m[2m Ôöé gzip:   1.24 kB[22m
[2mdist/[22m[36massets/DriverProfile-BILP257A.js            [39m[1m[2m  3.13 kB[22m[1m[22m[2m Ôöé gzip:   1.31 kB[22m
[2mdist/[22m[36massets/AdminOverview-B5XOmWVb.js            [39m[1m[2m  3.20 kB[22m[1m[22m[2m Ôöé gzip:   1.30 kB[22m
[2mdist/[22m[36massets/Hotel-DxluO68j.js                    [39m[1m[2m  3.75 kB[22m[1m[22m[2m Ôöé gzip:   1.55 kB[22m
[2mdist/[22m[36massets/DriverEarningsAnalytics-ridvyt9E.js  [39m[1m[2m  3.92 kB[22m[1m[22m[2m Ôöé gzip:   1.29 kB[22m
[2mdist/[22m[36massets/DriverActiveRide-B58cm1tl.js         [39m[1m[2m  4.87 kB[22m[1m[22m[2m Ôöé gzip:   2.02 kB[22m
[2mdist/[22m[36massets/DriverEarnings-DNa1xtRn.js           [39m[1m[2m  5.05 kB[22m[1m[22m[2m Ôöé gzip:   1.95 kB[22m
[2mdist/[22m[36massets/AdminRides-XsMsEU76.js               [39m[1m[2m  5.83 kB[22m[1m[22m[2m Ôöé gzip:   2.17 kB[22m
[2mdist/[22m[36massets/DriverDashboard-CfeMUeVT.js          [39m[1m[2m  5.93 kB[22m[1m[22m[2m Ôöé gzip:   2.30 kB[22m
[2mdist/[22m[36massets/DriverAuth-BX9udDjj.js               [39m[1m[2m  6.50 kB[22m[1m[22m[2m Ôöé gzip:   2.46 kB[22m
[2mdist/[22m[36massets/Wallet-C6B-iZkE.js                   [39m[1m[2m  6.59 kB[22m[1m[22m[2m Ôöé gzip:   2.78 kB[22m
[2mdist/[22m[36massets/AdminHotels-DGq9NJje.js              [39m[1m[2m  7.94 kB[22m[1m[22m[2m Ôöé gzip:   2.34 kB[22m
[2mdist/[22m[36massets/EmailTemplateEditor-CpYnOHkI.js      [39m[1m[2m  7.99 kB[22m[1m[22m[2m Ôöé gzip:   2.65 kB[22m
[2mdist/[22m[36massets/EmailSettings-BebDniUw.js            [39m[1m[2m  8.55 kB[22m[1m[22m[2m Ôöé gzip:   2.73 kB[22m
[2mdist/[22m[36massets/AdminWithdrawals-D4yWdAK1.js         [39m[1m[2m  9.06 kB[22m[1m[22m[2m Ôöé gzip:   2.88 kB[22m
[2mdist/[22m[36massets/DriverWallet-Em0QXOrk.js             [39m[1m[2m  9.83 kB[22m[1m[22m[2m Ôöé gzip:   3.27 kB[22m
[2mdist/[22m[36massets/DriverShuttle-B1KXzxvS.js            [39m[1m[2m 12.06 kB[22m[1m[22m[2m Ôöé gzip:   3.44 kB[22m
[2mdist/[22m[36massets/Shuttle-CyWbhEOn.js                  [39m[1m[2m 13.45 kB[22m[1m[22m[2m Ôöé gzip:   4.84 kB[22m
[2mdist/[22m[36massets/AdminDrivers-CYv3LdOA.js             [39m[1m[2m 16.46 kB[22m[1m[22m[2m Ôöé gzip:   4.48 kB[22m
[2mdist/[22m[36massets/AdminSettings-DZuR8BR2.js            [39m[1m[2m 17.16 kB[22m[1m[22m[2m Ôöé gzip:   5.32 kB[22m
[2mdist/[22m[36massets/EmailWebhookTracking-j0ERiA_P.js     [39m[1m[2m 18.19 kB[22m[1m[22m[2m Ôöé gzip:   5.26 kB[22m
[2mdist/[22m[36massets/UserProfile-DcrzPoaK.js              [39m[1m[2m 18.61 kB[22m[1m[22m[2m Ôöé gzip:   5.00 kB[22m
[2mdist/[22m[36massets/Ride-DsflIgNc.js                     [39m[1m[2m 27.87 kB[22m[1m[22m[2m Ôöé gzip:  12.11 kB[22m
[2mdist/[22m[36massets/AdminShuttles-Kv1eIG7E.js            [39m[1m[2m 32.71 kB[22m[1m[22m[2m Ôöé gzip:   7.03 kB[22m
[2mdist/[22m[36massets/vendor-query-DUFao4LP.js             [39m[1m[2m 33.71 kB[22m[1m[22m[2m Ôöé gzip:   9.93 kB[22m
[2mdist/[22m[36massets/HotelDetail-COFSgYEZ.js              [39m[1m[2m 45.06 kB[22m[1m[22m[2m Ôöé gzip:  14.08 kB[22m
[2mdist/[22m[36massets/vendor-utils-D3nRbTA4.js             [39m[1m[2m 55.50 kB[22m[1m[22m[2m Ôöé gzip:  15.48 kB[22m
[2mdist/[22m[36massets/shuttle-bundle-6Pg5inZ3.js           [39m[1m[2m 56.60 kB[22m[1m[22m[2m Ôöé gzip:  16.36 kB[22m
[2mdist/[22m[36massets/driver-bundle-BfRFVySu.js            [39m[1m[2m 79.58 kB[22m[1m[22m[2m Ôöé gzip:  25.37 kB[22m
[2mdist/[22m[36massets/vendor-ui-kVOv23sJ.js                [39m[1m[2m 83.99 kB[22m[1m[22m[2m Ôöé gzip:  28.19 kB[22m
[2mdist/[22m[36massets/index-KyOzro5o.js                    [39m[1m[2m123.20 kB[22m[1m[22m[2m Ôöé gzip:  38.46 kB[22m
[2mdist/[22m[36massets/vendor-map-G9EPb24q.js               [39m[1m[2m153.81 kB[22m[1m[22m[2m Ôöé gzip:  44.64 kB[22m
[2mdist/[22m[36massets/vendor-react-CMm0Xk-y.js             [39m[1m[2m162.96 kB[22m[1m[22m[2m Ôöé gzip:  52.92 kB[22m
[2mdist/[22m[36massets/html2canvas.esm-B_qGT6JC.js          [39m[1m[2m198.48 kB[22m[1m[22m[2m Ôöé gzip:  46.32 kB[22m
[2mdist/[22m[36massets/admin-bundle-DxYvamq3.js             [39m[1m[2m259.98 kB[22m[1m[22m[2m Ôöé gzip:  69.20 kB[22m
[2mdist/[22m[36massets/vendor-charts-BXtbhMxG.js            [39m[1m[2m402.68 kB[22m[1m[22m[2m Ôöé gzip: 102.90 kB[22m
[32mÔ£ô built in 20.14s[39m
